Synthesis report
Thu Sep  3 22:52:29 2020
Quartus Prime Version 19.4.0 Build 64 12/04/2019 SC Pro Edition


---------------------
; Table of Contents ;
---------------------
  1. Synthesis Summary
  2. Synthesis Settings
  3. Synthesis Source Files Read
  4. Synthesis Partition Summary
  5. Partition "root_partition" Resource Utilization by Entity
  6. General Register Statistics for Partition "root_partition"
  7. Post-Synthesis Netlist Statistics for Partition "root_partition"
  8. Synthesis Resource Usage Summary for Partition "root_partition"
  9. Synthesis Messages



+---------------------------------------------------------------+
; Synthesis Summary                                             ;
+-----------------------+---------------------------------------+
; Synthesis Status      ; Successful - Thu Sep  3 22:52:28 2020 ;
; Revision Name         ; 4bits_adder                           ;
; Top-level Entity Name ; Add4                                  ;
; Family                ; Cyclone 10 GX                         ;
+-----------------------+---------------------------------------+


+---------------------------------------------------------------------------------------------------------------------------+
; Synthesis Settings                                                                                                        ;
+---------------------------------------------------------------------------------+--------------------+--------------------+
; Option                                                                          ; Setting            ; Default Value      ;
+---------------------------------------------------------------------------------+--------------------+--------------------+
; Device                                                                          ; 10CX220YF780I5G    ;                    ;
; Top-level entity name                                                           ; Add4               ; 4bits_adder        ;
; Family name                                                                     ; Cyclone 10 GX      ; Cyclone 10 GX      ;
; Enable parallel Assembler and Timing Analyzer during compilation                ; On                 ; On                 ;
; Enable compact report table                                                     ; Off                ; Off                ;
; Design Assistant include IP blocks                                              ; Off                ; Off                ;
; Design Assistant limit on reported violations per rule                          ; 500                ; 500                ;
; Optimization Mode                                                               ; Balanced           ; Balanced           ;
; Allow Register Merging                                                          ; On                 ; On                 ;
; Allow Register Duplication                                                      ; On                 ; On                 ;
; Allow Register Retiming                                                         ; On                 ; On                 ;
; Allow RAM Retiming                                                              ; Off                ; Off                ;
; Allow DSP Retiming                                                              ; Off                ; Off                ;
; Restructure Multiplexers                                                        ; Auto               ; Auto               ;
; MLAB Add Timing Constraints For Mixed-Port Feed-Through Mode Setting Don't Care ; Off                ; Off                ;
; Preserve fewer node names                                                       ; On                 ; On                 ;
; Intel FPGA IP Evaluation Mode                                                   ; Enable             ; Enable             ;
; Verilog Version                                                                 ; Verilog_2001       ; Verilog_2001       ;
; VHDL Version                                                                    ; VHDL_1993          ; VHDL_1993          ;
; State Machine Processing                                                        ; Auto               ; Auto               ;
; Safe State Machine                                                              ; Auto               ; Auto               ;
; Iteration limit for constant Verilog loops                                      ; 5000               ; 5000               ;
; Iteration limit for non-constant Verilog loops                                  ; 250                ; 250                ;
; Infer RAMs from Raw Logic                                                       ; On                 ; On                 ;
; DSP Block Balancing                                                             ; Auto               ; Auto               ;
; NOT Gate Push-Back                                                              ; On                 ; On                 ;
; Power-Up Don't Care                                                             ; On                 ; On                 ;
; Remove Redundant Logic Cells                                                    ; Off                ; Off                ;
; Remove Duplicate Registers                                                      ; On                 ; On                 ;
; Ignore GLOBAL Buffers                                                           ; Off                ; Off                ;
; Ignore LCELL Buffers                                                            ; Off                ; Off                ;
; Ignore SOFT Buffers                                                             ; On                 ; On                 ;
; Optimization Technique                                                          ; Balanced           ; Balanced           ;
; Auto Open-Drain Pins                                                            ; On                 ; On                 ;
; Perform WYSIWYG Primitive Resynthesis                                           ; Off                ; Off                ;
; Auto ROM Replacement                                                            ; On                 ; On                 ;
; Auto RAM Replacement                                                            ; On                 ; On                 ;
; Auto DSP Block Replacement                                                      ; On                 ; On                 ;
; Auto Shift Register Replacement                                                 ; Auto               ; Auto               ;
; Allow Shift Register Merging across Hierarchies                                 ; Auto               ; Auto               ;
; Auto Clock Enable Replacement                                                   ; On                 ; On                 ;
; Strict RAM Replacement                                                          ; Off                ; Off                ;
; Allow Synchronous Control Signals                                               ; On                 ; On                 ;
; Force Use of Synchronous Clear Signals                                          ; Off                ; Off                ;
; Auto Resource Sharing                                                           ; Off                ; Off                ;
; Allow Any RAM Size For Recognition                                              ; Off                ; Off                ;
; Allow Any ROM Size For Recognition                                              ; Off                ; Off                ;
; Allow Any Shift Register Size For Recognition                                   ; Off                ; Off                ;
; Ignore translate_off and synthesis_off directives                               ; Off                ; Off                ;
; Timing-Driven Synthesis                                                         ; On                 ; On                 ;
; Ignore Maximum Fan-Out Assignments                                              ; Off                ; Off                ;
; Synchronization Register Chain Length                                           ; 3                  ; 3                  ;
; Power Optimization During Synthesis                                             ; Normal compilation ; Normal compilation ;
; HDL message level                                                               ; Level2             ; Level2             ;
; Number of Protected Registers Reported in Synthesis Report                      ; 100                ; 100                ;
; Number of Removed Registers Reported in Synthesis Report                        ; 5000               ; 5000               ;
; Number of Swept Nodes Reported in Synthesis Report                              ; 5000               ; 5000               ;
; Number of Inverted Registers Reported in Synthesis Report                       ; 100                ; 100                ;
; Clock MUX Protection                                                            ; On                 ; On                 ;
; Auto Gated Clock Conversion                                                     ; Off                ; Off                ;
; Block Design Naming                                                             ; Auto               ; Auto               ;
; SDC constraint protection                                                       ; Off                ; Off                ;
; Synthesis Effort                                                                ; Auto               ; Auto               ;
; Shift Register Replacement - Allow Asynchronous Clear Signal                    ; On                 ; On                 ;
; Analysis & Synthesis Message Level                                              ; Medium             ; Medium             ;
; Disable Register Merging Across Hierarchies                                     ; Auto               ; Auto               ;
; Resource Aware Inference For Block RAM                                          ; On                 ; On                 ;
; Automatic Parallel Synthesis                                                    ; On                 ; On                 ;
; Partial Reconfiguration Bitstream ID                                            ; Off                ; Off                ;
; Disable DSP Negate Inferencing                                                  ; Off                ; Off                ;
; Report Parameter Settings                                                       ; On                 ; On                 ;
; Report Source Assignments                                                       ; On                 ; On                 ;
; Size of the Latch Report                                                        ; 100                ; 100                ;
; Enable State Machines Inference                                                 ; On                 ; On                 ;
; Enable formal verification support during compilation                           ; Off                ; Off                ;
; Size of the PR Initial Conditions Report                                        ; 15                 ; 15                 ;
; Report PR Initial Values as Errors                                              ; Off                ; Off                ;
; Fractal Synthesis                                                               ; Off                ; Off                ;
+---------------------------------------------------------------------------------+--------------------+--------------------+


+-------------------------------------------------------------------------------------------------------------------------------------------------------------------------+
; Synthesis Source Files Read                                                                                                                                             ;
+----------------------------------+-----------------+-----------------------------------------------------------------------+---------+----------------------------------+
; File Name with User-Entered Path ; File Type       ; File Name with Absolute Path                                          ; Library ; MD5                              ;
+----------------------------------+-----------------+-----------------------------------------------------------------------+---------+----------------------------------+
; Add4.vhd                         ; User VHDL File  ; C:/Users/HP/Documents/GitHub/LASID-PROJETOS/4bits_adder_VHDL/Add4.vhd ;         ; eb18c7c4702595421fb2b8731a8911ef ;
+----------------------------------+-----------------+-----------------------------------------------------------------------+---------+----------------------------------+


+--------------------------------------------------------------------------------------------+
; Synthesis Partition Summary                                                                ;
+----------------+----------------+---------+--------------+-------+-------------------------+
; Partition Name ; Hierarchy Path ; Type    ; Preservation ; Empty ; Partition Database File ;
+----------------+----------------+---------+--------------+-------+-------------------------+
; root_partition ; |              ; Default ;              ;       ;                         ;
+----------------+----------------+---------+--------------+-------+-------------------------+


+-------------------------------------------------------------------------------------------------------------------------------------------------------------------------------------------------+
; Partition "root_partition" Resource Utilization by Entity                                                                                                                                       ;
+----------------------------+---------------------+---------------------------+-------------------+------------+------+--------------+--------+---------------------+-------------+--------------+
; Compilation Hierarchy Node ; Combinational ALUTs ; Dedicated Logic Registers ; Block Memory Bits ; DSP Blocks ; Pins ; Virtual Pins ; IOPLLs ; Full Hierarchy Name ; Entity Name ; Library Name ;
+----------------------------+---------------------+---------------------------+-------------------+------------+------+--------------+--------+---------------------+-------------+--------------+
; |                          ; 5 (5)               ; 0 (0)                     ; 0                 ; 0          ; 0    ; 0            ; 0 (0)  ; |                   ; Add4        ; altera_work  ;
+----------------------------+---------------------+---------------------------+-------------------+------------+------+--------------+--------+---------------------+-------------+--------------+
Note: For table entries with two numbers listed, the numbers in parentheses indicate the number of resources of the given type used by the specific entity alone. The numbers listed outside of parentheses indicate the total resources of the given type used by the specific entity and all of its sub-entities in the hierarchy.


+------------------------------------------------------------+
; General Register Statistics for Partition "root_partition" ;
+----------------------------------------------+-------------+
; Statistic                                    ; Value       ;
+----------------------------------------------+-------------+
; Total registers                              ; 0           ;
; Number of registers using Synchronous Clear  ; 0           ;
; Number of registers using Synchronous Load   ; 0           ;
; Number of registers using Asynchronous Clear ; 0           ;
; Number of registers using Asynchronous Load  ; 0           ;
; Number of registers using Clock Enable       ; 0           ;
; Number of registers using Preset             ; 0           ;
+----------------------------------------------+-------------+


+------------------------------------------------------------------+
; Post-Synthesis Netlist Statistics for Partition "root_partition" ;
+------------------------+-----------------------------------------+
; Type                   ; Count                                   ;
+------------------------+-----------------------------------------+
; boundary_port          ; 14                                      ;
; cyclone10gx_lcell_comb ; 5                                       ;
;     shared             ; 5                                       ;
;         0 data inputs  ; 1                                       ;
;         2 data inputs  ; 3                                       ;
;         3 data inputs  ; 1                                       ;
;                        ;                                         ;
; Number of carry chains ; 1                                       ;
; Max carry chain length ; 5                                       ;
;                        ;                                         ;
; Max LUT depth          ; 1.40                                    ;
; Average LUT depth      ; 1.27                                    ;
+------------------------+-----------------------------------------+


+-----------------------------------------------------------------+
; Synthesis Resource Usage Summary for Partition "root_partition" ;
+---------------------------------------------+-------------------+
; Resource                                    ; Usage             ;
+---------------------------------------------+-------------------+
; Estimate of Logic utilization (ALMs needed) ; 3                 ;
;                                             ;                   ;
; Combinational ALUT usage for logic          ; 5                 ;
;     -- 7 input functions                    ; 0                 ;
;     -- 6 input functions                    ; 0                 ;
;     -- 5 input functions                    ; 0                 ;
;     -- 4 input functions                    ; 0                 ;
;     -- <=3 input functions                  ; 5                 ;
;                                             ;                   ;
; Dedicated logic registers                   ; 0                 ;
;                                             ;                   ;
; I/O pins                                    ; 14                ;
;                                             ;                   ;
; Total DSP Blocks                            ; 0                 ;
;     -- [A] Total Fixed Point DSP Blocks     ; 0                 ;
;     -- [B] Total Floating Point DSP Blocks  ; 0                 ;
;                                             ;                   ;
; Maximum fan-out node                        ; rtl~5             ;
; Maximum fan-out                             ; 2                 ;
; Total fan-out                               ; 18                ;
; Average fan-out                             ; 0.95              ;
+---------------------------------------------+-------------------+


+--------------------+
; Synthesis Messages ;
+--------------------+
Info: *******************************************************************
Info: Running Quartus Prime Synthesis
    Info: Version 19.4.0 Build 64 12/04/2019 SC Pro Edition
    Info: Processing started: Thu Sep  3 22:52:24 2020
    Info: System process ID: 2680
Info: Command: quartus_syn --read_settings_files=on --write_settings_files=off 4bits_adder -c 4bits_adder
Info: qis_default_flow_script.tcl version: #1
Info: Initializing Synthesis...
Info: Project = "4bits_adder"
Info: Revision = "4bits_adder"
Info: Analyzing source files
Info: Elaborating from top-level entity "Add4"
Info (19337): VHDL info at Add4.vhd(6): executing entity "Add4" with architecture "RTL" File: C:/Users/HP/Documents/GitHub/LASID-PROJETOS/4bits_adder_VHDL/Add4.vhd Line: 6
Info: Found 1 design entities
Info: There are 1 partitions after elaboration.
Info: Creating instance-specific data models and dissolving soft partitions
Info (18299): Expanding entity and wildcard assignments.
Info (18300): Expanded entity and wildcard assignments. Elapsed time: 00:00:00
Info: found pre-synthesis snapshots for 1 partition(s)
Info: Synthesizing partition "root_partition"
Info (21057): Implemented 19 device resources after synthesis - the final resource count might be different
    Info (21058): Implemented 9 input pins
    Info (21059): Implemented 5 output pins
    Info (21061): Implemented 5 logic cells
Info: Successfully synthesized partition
Info: Saving post-synthesis snapshots for 1 partition(s)
Info: Quartus Prime Synthesis was successful. 0 errors, 0 warnings
    Info: Peak virtual memory: 533 megabytes
    Info: Processing ended: Thu Sep  3 22:52:29 2020
    Info: Elapsed time: 00:00:05
    Info: System process ID: 2680


